// Jest Snapshot v1, https://goo.gl/fbAQLP

exports[`<Input /> renders correctly 1`] = `
<div
  className="input-container"
>
  <input
    onChange={[Function]}
    placeholder={undefined}
    value="value"
  />
</div>
`;
